# serializer version: 1
# name: test_noarch_flask
  '''
  - python:
      imports:
      - flask
      - flask.json
  - script:
      content: |-
        flask --help
        pip check
    requirements:
      run:
      - pip
  
  '''
# ---
