{
  "host": [
    "python ==3.8.0",
    "python >=3.8.0",
    "python 3.8.0.*",
    "python 3.8.0.*,<4.0a0"
  ],
  "run": [
    "python ==3.8.0",
    "python >=3.8.0",
    "python 3.8.0.*",
    "python 3.8.0.*,<4.0a0"
  ]
}
