[
  {
    "build": [
      "python"
    ],
    "run": [
      "python",
      "__unix"
    ]
  },
  {
    "build": [
      "python"
    ],
    "run": [
      "python",
      "__unix"
    ]
  }
]
