---
source: src/render/recipe.rs
expression: "recipe.expect(\"could not render recipe\")"
---
package:
  name: foo-1.0
  version: "1.0"
source:
  - url: "https://example.com/foo-1.0.tar.gz"
    sha256: "1234567890"
    patches: ~
    folder: ~
  - url: "https://example.com/foo-1.0.patch"
    sha256: "1234567890"
    patches: ~
    folder: ~
build:
  number: 0
  string: h12341234_0
  script: ~
  ignore_run_exports: ~
  ignore_run_exports_from: ~
  run_exports: ~
  noarch: false
  entry_points: []
requirements:
  build: []
  host: []
  run: []
  constrains: []
about:
  home: ~
  license: ~
  license_file: ~
  license_family: ~
  summary: ~
  description: ~
  doc_url: ~
  dev_url: ~
test: ~

