---
source: src/recipe/parser/glob_vec.rs
expression: "&as_yaml"
---
globs:
- foo
- bar
- baz/**/qux

