---
source: src/recipe/parser/source.rs
expression: yaml
---
git: https://test.com/test.git
rev: refs/heads/master

