---
source: src/recipe/parser/glob_vec.rs
expression: "&globs_all"
---
globs: true

