---
source: crates/rattler_build_recipe/src/stage0/parser/error_tests.rs
expression: format_miette_report(error_with_source)
---
  × invalid value: invalid value for requirements: unknown field 'install'
   ╭─[unknown_requirements_field.yaml:8:3]
 7 │     - gcc
 8 │   install:
   ·   ───┬───
   ·      ╰── invalid value for requirements: unknown field 'install'
 9 │     - python
   ╰────
  help: valid fields are: build, host, run, run_constraints, run_exports, ignore_run_exports
