---
source: src/recipe/parser.rs
expression: err
---
  × Failed to parse recipe

Error: 
  × Parsing: failed to render Jinja expression: syntax error: unexpected
  │ character (in <expression>:1)
    ╭─[12:11]
 11 │       skip:
 12 │         - asd;asd;123
    ·           ─────┬─────
    ·                ╰── here
    ╰────
